attr_list_recover.c:5:51: error: expected ',' or ';' before ')' token
    5 | extern int fn0 (void) __attribute__ ((const const)); /* { dg-error "expected" } */
      |                                                   ^
attr_list_recover.c:7:58: error: expected ',' or ';' before ')' token
    7 | extern int fn2 (void) __attribute__ ((optimize (0) const)); /* { dg-error "expected" } */
      |                                                          ^
attr_list_recover.c:14:65: error: expected ',' or ';' before ')' token
   14 | extern int fn8 (void) __attribute__ ((__noreturn__ __noreturn__)); /* { dg-error "expected" } */
      |                                                                 ^
attr_list_recover.c:16:57: error: expected ')' before '__noclone__'
   16 | extern int fn10 (void) __attribute__ ((__cold__ __pure__ __noclone__)); /* { dg-error "expected" } */
      |                                                         ^
attr_list_recover.c:16:70: error: expected ',' or ';' before ')' token
   16 | extern int fn10 (void) __attribute__ ((__cold__ __pure__ __noclone__)); /* { dg-error "expected" } */
      |                                                                      ^
attr_list_recover.c:17:71: error: expected ',' or ';' before ')' token
   17 | extern int fn11 (void) __attribute__ ((__cold__, __pure__ __noclone__)); /* { dg-error "expected" } */
      |                                                                       ^
attr_list_recover.c:20:49: error: expected ',' or ';' before ')' token
   20 | extern int a __attribute__ ((alias ("i") unused)); /* { dg-error "expected" } */
      |                                                 ^
attr_list_recover.c:22:58: error: expected identifier or '(' before ')' token
   22 | struct A { char p[6]; } __attribute__((__packed__ packed)); /* { dg-error "expected" } */
      |                                                          ^
