bracket_skip.c:3:10: error: expected ']' before ',' token
    3 |   int a[2, 3];
      |          ^
bracket_skip.c:5:17: error: expected ']' before ',' token
    5 |   int b[] = { [1, 2] = 3 };
      |                 ^
bracket_skip.c:7:15: error: expected ']' before ',' token
    7 | void g(int x[2, 3]);
      |               ^
