builtin_const_ptr_param.c:7:26: warning: passing argument 2 of '__builtin_execv' from incompatible pointer type [-Wincompatible-pointer-types]
    7 |     __builtin_execv("a", e);
      |                          ^
builtin_const_ptr_param.c:7:26: note: expected 'char * const*' but argument is of type 'const char **'
    7 |     __builtin_execv("a", e);
      |                          ^
