misc_122.c:8:19: error: argument 'x' doesn't match prototype
    8 | void f(x) enum e2 x; { }
      |                   ^
misc_122.c:7:6: error: prototype declaration
    7 | void f(enum e1);
      |      ^
misc_122.c:10:1: error: number of arguments doesn't match prototype
   10 | void g(x) int x; { }
      | ^
misc_122.c:9:6: error: prototype declaration
    9 | void g(int, int);
      |      ^
misc_122.c:16:17: error: argument 'x' doesn't match prototype
   16 | void j(x) long *x; { }
      |                 ^
misc_122.c:15:6: error: prototype declaration
   15 | void j(int *);
      |      ^
misc_122.c:18:1: error: number of arguments doesn't match prototype
   18 | int k(x, y) int x, y; { return 0; }
      | ^
misc_122.c:17:5: error: prototype declaration
   17 | int k(int);
      |     ^
misc_122.c:19:7: warning: number of arguments doesn't match built-in prototype
   19 | char *strchr(a) const char *a; { return 0; }
      |       ^
misc_122.c:20:35: warning: argument 'a' doesn't match built-in prototype
   20 | char *rindex(a, b) register char *a, b; { return 0; }
      |                                   ^
misc_122.c:22:5: error: conflicting types for 'g'; have 'int(int,  unsigned int)'
   22 | int g(int a, unsigned b) { return a < b; }
      |     ^
misc_122.c:10:6: note: previous definition of 'g' with type 'void(int,  int)'
   10 | void g(x) int x; { }
      |      ^
misc_122.c:22:37: warning: comparison of integer expressions of different signedness: 'int' and 'unsigned int' [-Wsign-compare]
   22 | int g(int a, unsigned b) { return a < b; }
      |                                     ^
misc_122.c:25:5: warning: mismatch in argument 2 type of built-in function 'fputs'; expected 'struct FooFile *' [-Wbuiltin-declaration-mismatch]
   25 | int fputs (const char*, struct BarFile*);
      |     ^
misc_122.c:25:5: note: 'fputs' is declared in header '<stdio.h>'
   25 | int fputs (const char*, struct BarFile*);
      |     ^
