misc_171.c:5:5: warning: this 'for' clause does not guard... [-Wmisleading-indentation]
    5 |   { for (cnt = 0; cnt < n; ++cnt)
      |     ^
misc_171.c:7:7: note: ...this statement, but the latter is misleadingly indented as if it were guarded by the 'for'
    7 |       n = 1; }
      |       ^
misc_171.c:17:5: warning: this 'for' clause does not guard... [-Wmisleading-indentation]
   17 |   { for (cnt = 0; cnt < n; ++cnt)
      |     ^
misc_171.c:19:9: note: ...this statement, but the latter is misleadingly indented as if it were guarded by the 'for'
   19 |         n = 1; }
      |         ^
misc_171.c:23:12: warning: this 'for' clause does not guard... [-Wmisleading-indentation]
   23 |   if (n) { for (cnt = 0; cnt < n; ++cnt)
      |            ^
misc_171.c:25:7: note: ...this statement, but the latter is misleadingly indented as if it were guarded by the 'for'
   25 |       n = 1; }
      |       ^
misc_171.c:35:10: warning: this 'for' clause does not guard... [-Wmisleading-indentation]
   35 |   n = 2; for (cnt = 0; cnt < n; ++cnt)
      |          ^
misc_171.c:37:5: note: ...this statement, but the latter is misleadingly indented as if it were guarded by the 'for'
   37 |     n = 1;
      |     ^
