traditional_6.c:2:13: warning: traditional C rejects the "u" suffix [-Wtraditional]
    2 | int a[] = { 1u, 1U, 1l, 1L, 1ul, 1UL, 1lu, 1ll, 1LL, 1ull, 0x1u, 01u, 1i };
      |             ^
traditional_6.c:2:17: warning: traditional C rejects the "U" suffix [-Wtraditional]
    2 | int a[] = { 1u, 1U, 1l, 1L, 1ul, 1UL, 1lu, 1ll, 1LL, 1ull, 0x1u, 01u, 1i };
      |                 ^
traditional_6.c:2:29: warning: traditional C rejects the "ul" suffix [-Wtraditional]
    2 | int a[] = { 1u, 1U, 1l, 1L, 1ul, 1UL, 1lu, 1ll, 1LL, 1ull, 0x1u, 01u, 1i };
      |                             ^
traditional_6.c:2:34: warning: traditional C rejects the "UL" suffix [-Wtraditional]
    2 | int a[] = { 1u, 1U, 1l, 1L, 1ul, 1UL, 1lu, 1ll, 1LL, 1ull, 0x1u, 01u, 1i };
      |                                  ^
traditional_6.c:2:39: warning: traditional C rejects the "lu" suffix [-Wtraditional]
    2 | int a[] = { 1u, 1U, 1l, 1L, 1ul, 1UL, 1lu, 1ll, 1LL, 1ull, 0x1u, 01u, 1i };
      |                                       ^
traditional_6.c:2:54: warning: traditional C rejects the "ull" suffix [-Wtraditional]
    2 | int a[] = { 1u, 1U, 1l, 1L, 1ul, 1UL, 1lu, 1ll, 1LL, 1ull, 0x1u, 01u, 1i };
      |                                                      ^
traditional_6.c:2:60: warning: traditional C rejects the "u" suffix [-Wtraditional]
    2 | int a[] = { 1u, 1U, 1l, 1L, 1ul, 1UL, 1lu, 1ll, 1LL, 1ull, 0x1u, 01u, 1i };
      |                                                            ^
traditional_6.c:2:66: warning: traditional C rejects the "u" suffix [-Wtraditional]
    2 | int a[] = { 1u, 1U, 1l, 1L, 1ul, 1UL, 1lu, 1ll, 1LL, 1ull, 0x1u, 01u, 1i };
      |                                                                  ^
traditional_6.c:2:71: warning: traditional C rejects the "i" suffix [-Wtraditional]
    2 | int a[] = { 1u, 1U, 1l, 1L, 1ul, 1UL, 1lu, 1ll, 1LL, 1ull, 0x1u, 01u, 1i };
      |                                                                       ^
traditional_6.c:2:71: warning: imaginary constants are a GCC extension
    2 | int a[] = { 1u, 1U, 1l, 1L, 1ul, 1UL, 1lu, 1ll, 1LL, 1ull, 0x1u, 01u, 1i };
      |                                                                       ^
traditional_6.c:3:16: warning: traditional C rejects the "f" suffix [-Wtraditional]
    3 | double d[] = { 1.0f, 1.0F, 1.0l, 1.0L, 1e3f, 1.0, 1.0i, 1.0fi, 1.0w, 1.0q };
      |                ^
traditional_6.c:3:22: warning: traditional C rejects the "F" suffix [-Wtraditional]
    3 | double d[] = { 1.0f, 1.0F, 1.0l, 1.0L, 1e3f, 1.0, 1.0i, 1.0fi, 1.0w, 1.0q };
      |                      ^
traditional_6.c:3:28: warning: traditional C rejects the "l" suffix [-Wtraditional]
    3 | double d[] = { 1.0f, 1.0F, 1.0l, 1.0L, 1e3f, 1.0, 1.0i, 1.0fi, 1.0w, 1.0q };
      |                            ^
traditional_6.c:3:34: warning: traditional C rejects the "L" suffix [-Wtraditional]
    3 | double d[] = { 1.0f, 1.0F, 1.0l, 1.0L, 1e3f, 1.0, 1.0i, 1.0fi, 1.0w, 1.0q };
      |                                  ^
traditional_6.c:3:40: warning: traditional C rejects the "f" suffix [-Wtraditional]
    3 | double d[] = { 1.0f, 1.0F, 1.0l, 1.0L, 1e3f, 1.0, 1.0i, 1.0fi, 1.0w, 1.0q };
      |                                        ^
traditional_6.c:3:51: warning: traditional C rejects the "i" suffix [-Wtraditional]
    3 | double d[] = { 1.0f, 1.0F, 1.0l, 1.0L, 1e3f, 1.0, 1.0i, 1.0fi, 1.0w, 1.0q };
      |                                                   ^
traditional_6.c:3:51: warning: imaginary constants are a GCC extension
    3 | double d[] = { 1.0f, 1.0F, 1.0l, 1.0L, 1e3f, 1.0, 1.0i, 1.0fi, 1.0w, 1.0q };
      |                                                   ^
traditional_6.c:3:57: warning: traditional C rejects the "fi" suffix [-Wtraditional]
    3 | double d[] = { 1.0f, 1.0F, 1.0l, 1.0L, 1e3f, 1.0, 1.0i, 1.0fi, 1.0w, 1.0q };
      |                                                         ^
traditional_6.c:3:57: warning: imaginary constants are a GCC extension
    3 | double d[] = { 1.0f, 1.0F, 1.0l, 1.0L, 1e3f, 1.0, 1.0i, 1.0fi, 1.0w, 1.0q };
      |                                                         ^
traditional_6.c:3:64: warning: traditional C rejects the "w" suffix [-Wtraditional]
    3 | double d[] = { 1.0f, 1.0F, 1.0l, 1.0L, 1e3f, 1.0, 1.0i, 1.0fi, 1.0w, 1.0q };
      |                                                                ^
traditional_6.c:3:1: warning: non-standard suffix on floating constant [-Wpedantic]
    3 | double d[] = { 1.0f, 1.0F, 1.0l, 1.0L, 1e3f, 1.0, 1.0i, 1.0fi, 1.0w, 1.0q };
      | ^
traditional_6.c:3:70: warning: traditional C rejects the "q" suffix [-Wtraditional]
    3 | double d[] = { 1.0f, 1.0F, 1.0l, 1.0L, 1e3f, 1.0, 1.0i, 1.0fi, 1.0w, 1.0q };
      |                                                                      ^
traditional_6.c:3:1: warning: non-standard suffix on floating constant [-Wpedantic]
    3 | double d[] = { 1.0f, 1.0F, 1.0l, 1.0L, 1e3f, 1.0, 1.0i, 1.0fi, 1.0w, 1.0q };
      | ^
