tags.c:5:23 DEF typedef size_t -> #0
tags.c:6:8 DECL struct S -> #1
tags.c:7:8 DEF struct S -> #1
tags.c:7:16 DEF field a -> #6
tags.c:7:32 DEF field in -> #2
tags.c:7:45 DEF union U -> #3
tags.c:7:53 DEF field u1 -> #4
tags.c:7:63 DEF field u2 -> #5
tags.c:7:69 DEF field u -> #7
tags.c:8:6 DEF func f -> #8
tags.c:10:12 DECL struct S -> #9
tags.c:11:12 DEF struct S -> #9
tags.c:11:20 DEF field other -> #10
tags.c:11:29 DEF obj s2 -> #11
tags.c:11:37 REF field other -> #10
tags.c:12:11 REF obj s2 -> #11
tags.c:14:8 REF struct S -> #1
tags.c:14:10 DEF obj s -> #12
tags.c:14:17 REF field a -> #6
tags.c:14:25 REF field in -> #2
tags.c:14:34 REF field u -> #7
tags.c:14:36 REF field u1 -> #4
tags.c:15:1 REF typedef size_t -> #0
tags.c:15:8 DEF obj off -> #13
tags.c:15:30 REF struct S -> #1 arg
tags.c:15:33 REF field u -> #7 arg
tags.c:15:35 REF field u2 -> #5 arg
tags.c:16:8 DEF struct E -> #14
tags.c:16:17 DEF enum K -> #15
tags.c:16:21 DEF enumconst K1 -> #16
tags.c:16:25 DEF enumconst K2 -> #17
tags.c:16:30 DEF field k -> #18
tags.c:16:35 DEF obj e -> #19
tags.c:16:41 REF enumconst K2 -> #17
tags.c:17:5 DEF func g -> #21
tags.c:17:14 REF struct S -> #1
tags.c:17:17 DEF param p -> #20
tags.c:17:29 REF param p -> #20
tags.c:17:32 REF field in -> #2
tags.c:17:37 REF param p -> #20
tags.c:17:40 REF field u -> #7
tags.c:17:42 REF field u1 -> #4
tags.c:17:65 REF union U -> #3
#0 typedef size_t :: typedef size_t = long unsigned int
#1 struct S :: struct S size=12 align=4\n  0 a: int\n  4 <unnamed>: struct <anonymous>\n  8 u: union U
#2 field in :: field in: int (struct <anonymous>, offset 0)
#3 union U :: union U size=4 align=4\n  0 u1: int\n  0 u2: float
#4 field u1 :: field u1: int (union U, offset 0)
#5 field u2 :: field u2: float (union U, offset 0)
#6 field a :: field a: int (struct S, offset 0)
#7 field u :: field u: union U (struct S, offset 8)
#8 func f external :: func f: void(void) defined
#9 struct S :: struct S size=4 align=4\n  0 other: int
#10 field other :: field other: int (struct S, offset 0)
#11 obj s2 scope 8-13 :: var f:s2: struct S
#12 obj s external :: var s: struct S
#13 obj off external :: var off: size_t
#14 struct E :: struct E size=4 align=4\n  0 k: enum K
#15 enum K :: enum K (underlying unsigned int)\n  K1 = 0\n  K2 = 1
#16 enumconst K1 :: enumconst K1 = 0 (int)
#17 enumconst K2 :: enumconst K2 = 1 (int)
#18 field k :: field k: enum K (struct E, offset 0)
#19 obj e external :: var e: struct E
#20 param p scope 17-17 :: param p: struct S *
#21 func g external :: func g: int(struct S *) defined
